PHPUnit 11.5.48 by Sebastian Bergmann and contributors.

Runtime:       PHP 8.4.0
Configuration: C:\Users\khale\OneDrive\╪د┘┘à╪│╪ز┘╪»╪د╪ز\OrangeLarvel_updated\php_project\phpunit.xml

FEEEEE                                                              6 / 6 (100%)

Time: 00:01.182, Memory: 18.00 MB

There were 5 errors:

1) Tests\Feature\AuthApiTest::test_cannot_login_without_verification
Illuminate\Database\QueryException: SQLSTATE[HY000]: General error: 1 table users has no column named email_verified_at (Connection: sqlite, Database: :memory:, SQL: insert into "users" ("name", "email", "email_verified_at", "password", "remember_token", "email_verified", "updated_at", "created_at") values (Domenick Reinger III, jones.tavares@example.com, 2026-01-22 10:58:01, $2y$04$dkw8JK2qO.6AkxfDlBtscu13X0bbUp7XmrOFRi9fqNUYuN3I.HSCO, hww5L5AJP3, 0, 2026-01-22 10:58:01, 2026-01-22 10:58:01))

C:\Users\khale\OneDrive\╪د┘┘à╪│╪ز┘╪»╪د╪ز\OrangeLarvel_updated\php_project\vendor\laravel\framework\src\Illuminate\Database\Connection.php:838
C:\Users\khale\OneDrive\╪د┘┘à╪│╪ز┘╪»╪د╪ز\OrangeLarvel_updated\php_project\vendor\laravel\framework\src\Illuminate\Database\Connection.php:794
C:\Users\khale\OneDrive\╪د┘┘à╪│╪ز┘╪»╪د╪ز\OrangeLarvel_updated\php_project\vendor\laravel\framework\src\Illuminate\Database\Connection.php:573
C:\Users\khale\OneDrive\╪د┘┘à╪│╪ز┘╪»╪د╪ز\OrangeLarvel_updated\php_project\vendor\laravel\framework\src\Illuminate\Database\Connection.php:537
C:\Users\khale\OneDrive\╪د┘┘à╪│╪ز┘╪»╪د╪ز\OrangeLarvel_updated\php_project\vendor\laravel\framework\src\Illuminate\Database\Query\Processors\Processor.php:32
C:\Users\khale\OneDrive\╪د┘┘à╪│╪ز┘╪»╪د╪ز\OrangeLarvel_updated\php_project\vendor\laravel\framework\src\Illuminate\Database\Query\Builder.php:4033
C:\Users\khale\OneDrive\╪د┘┘à╪│╪ز┘╪»╪د╪ز\OrangeLarvel_updated\php_project\vendor\laravel\framework\src\Illuminate\Database\Eloquent\Builder.php:2235
C:\Users\khale\OneDrive\╪د┘┘à╪│╪ز┘╪»╪د╪ز\OrangeLarvel_updated\php_project\vendor\laravel\framework\src\Illuminate\Database\Eloquent\Model.php:1436
C:\Users\khale\OneDrive\╪د┘┘à╪│╪ز┘╪»╪د╪ز\OrangeLarvel_updated\php_project\vendor\laravel\framework\src\Illuminate\Database\Eloquent\Model.php:1401
C:\Users\khale\OneDrive\╪د┘┘à╪│╪ز┘╪»╪د╪ز\OrangeLarvel_updated\php_project\vendor\laravel\framework\src\Illuminate\Database\Eloquent\Model.php:1240
C:\Users\khale\OneDrive\╪د┘┘à╪│╪ز┘╪»╪د╪ز\OrangeLarvel_updated\php_project\vendor\laravel\framework\src\Illuminate\Database\Eloquent\Factories\Factory.php:370
C:\Users\khale\OneDrive\╪د┘┘à╪│╪ز┘╪»╪د╪ز\OrangeLarvel_updated\php_project\vendor\laravel\framework\src\Illuminate\Collections\Traits\EnumeratesValues.php:271
C:\Users\khale\OneDrive\╪د┘┘à╪│╪ز┘╪»╪د╪ز\OrangeLarvel_updated\php_project\vendor\laravel\framework\src\Illuminate\Database\Eloquent\Factories\Factory.php:365
C:\Users\khale\OneDrive\╪د┘┘à╪│╪ز┘╪»╪د╪ز\OrangeLarvel_updated\php_project\vendor\laravel\framework\src\Illuminate\Database\Eloquent\Factories\Factory.php:321
C:\Users\khale\OneDrive\╪د┘┘à╪│╪ز┘╪»╪د╪ز\OrangeLarvel_updated\php_project\vendor\laravel\framework\src\Illuminate\Database\Eloquent\Factories\Factory.php:315
C:\Users\khale\OneDrive\╪د┘┘à╪│╪ز┘╪»╪د╪ز\OrangeLarvel_updated\php_project\tests\Feature\AuthApiTest.php:39

Caused by
PDOException: SQLSTATE[HY000]: General error: 1 table users has no column named email_verified_at

C:\Users\khale\OneDrive\╪د┘┘à╪│╪ز┘╪»╪د╪ز\OrangeLarvel_updated\php_project\vendor\laravel\framework\src\Illuminate\Database\Connection.php:578
C:\Users\khale\OneDrive\╪د┘┘à╪│╪ز┘╪»╪د╪ز\OrangeLarvel_updated\php_project\vendor\laravel\framework\src\Illuminate\Database\Connection.php:827
C:\Users\khale\OneDrive\╪د┘┘à╪│╪ز┘╪»╪د╪ز\OrangeLarvel_updated\php_project\vendor\laravel\framework\src\Illuminate\Database\Connection.php:794
C:\Users\khale\OneDrive\╪د┘┘à╪│╪ز┘╪»╪د╪ز\OrangeLarvel_updated\php_project\vendor\laravel\framework\src\Illuminate\Database\Connection.php:573
C:\Users\khale\OneDrive\╪د┘┘à╪│╪ز┘╪»╪د╪ز\OrangeLarvel_updated\php_project\vendor\laravel\framework\src\Illuminate\Database\Connection.php:537
C:\Users\khale\OneDrive\╪د┘┘à╪│╪ز┘╪»╪د╪ز\OrangeLarvel_updated\php_project\vendor\laravel\framework\src\Illuminate\Database\Query\Processors\Processor.php:32
C:\Users\khale\OneDrive\╪د┘┘à╪│╪ز┘╪»╪د╪ز\OrangeLarvel_updated\php_project\vendor\laravel\framework\src\Illuminate\Database\Query\Builder.php:4033
C:\Users\khale\OneDrive\╪د┘┘à╪│╪ز┘╪»╪د╪ز\OrangeLarvel_updated\php_project\vendor\laravel\framework\src\Illuminate\Database\Eloquent\Builder.php:2235
C:\Users\khale\OneDrive\╪د┘┘à╪│╪ز┘╪»╪د╪ز\OrangeLarvel_updated\php_project\vendor\laravel\framework\src\Illuminate\Database\Eloquent\Model.php:1436
C:\Users\khale\OneDrive\╪د┘┘à╪│╪ز┘╪»╪د╪ز\OrangeLarvel_updated\php_project\vendor\laravel\framework\src\Illuminate\Database\Eloquent\Model.php:1401
C:\Users\khale\OneDrive\╪د┘┘à╪│╪ز┘╪»╪د╪ز\OrangeLarvel_updated\php_project\vendor\laravel\framework\src\Illuminate\Database\Eloquent\Model.php:1240
C:\Users\khale\OneDrive\╪د┘┘à╪│╪ز┘╪»╪د╪ز\OrangeLarvel_updated\php_project\vendor\laravel\framework\src\Illuminate\Database\Eloquent\Factories\Factory.php:370
C:\Users\khale\OneDrive\╪د┘┘à╪│╪ز┘╪»╪د╪ز\OrangeLarvel_updated\php_project\vendor\laravel\framework\src\Illuminate\Collections\Traits\EnumeratesValues.php:271
C:\Users\khale\OneDrive\╪د┘┘à╪│╪ز┘╪»╪د╪ز\OrangeLarvel_updated\php_project\vendor\laravel\framework\src\Illuminate\Database\Eloquent\Factories\Factory.php:365
C:\Users\khale\OneDrive\╪د┘┘à╪│╪ز┘╪»╪د╪ز\OrangeLarvel_updated\php_project\vendor\laravel\framework\src\Illuminate\Database\Eloquent\Factories\Factory.php:321
C:\Users\khale\OneDrive\╪د┘┘à╪│╪ز┘╪»╪د╪ز\OrangeLarvel_updated\php_project\vendor\laravel\framework\src\Illuminate\Database\Eloquent\Factories\Factory.php:315
C:\Users\khale\OneDrive\╪د┘┘à╪│╪ز┘╪»╪د╪ز\OrangeLarvel_updated\php_project\tests\Feature\AuthApiTest.php:39

2) Tests\Feature\AuthApiTest::test_can_verify_email
Illuminate\Database\QueryException: SQLSTATE[HY000]: General error: 1 table users has no column named email_verified_at (Connection: sqlite, Database: :memory:, SQL: insert into "users" ("name", "email", "email_verified_at", "password", "remember_token", "email_verified", "updated_at", "created_at") values (Kay Pouros, tmohr@example.net, 2026-01-22 10:58:01, $2y$04$mmNZIkOyYrUCrfTymjRK7OXn8zQ6xoAVDAx5vBHUqMHKq4djjCbuK, lDdgS4GMSJ, 0, 2026-01-22 10:58:01, 2026-01-22 10:58:01))

C:\Users\khale\OneDrive\╪د┘┘à╪│╪ز┘╪»╪د╪ز\OrangeLarvel_updated\php_project\vendor\laravel\framework\src\Illuminate\Database\Connection.php:838
C:\Users\khale\OneDrive\╪د┘┘à╪│╪ز┘╪»╪د╪ز\OrangeLarvel_updated\php_project\vendor\laravel\framework\src\Illuminate\Database\Connection.php:794
C:\Users\khale\OneDrive\╪د┘┘à╪│╪ز┘╪»╪د╪ز\OrangeLarvel_updated\php_project\vendor\laravel\framework\src\Illuminate\Database\Connection.php:573
C:\Users\khale\OneDrive\╪د┘┘à╪│╪ز┘╪»╪د╪ز\OrangeLarvel_updated\php_project\vendor\laravel\framework\src\Illuminate\Database\Connection.php:537
C:\Users\khale\OneDrive\╪د┘┘à╪│╪ز┘╪»╪د╪ز\OrangeLarvel_updated\php_project\vendor\laravel\framework\src\Illuminate\Database\Query\Processors\Processor.php:32
C:\Users\khale\OneDrive\╪د┘┘à╪│╪ز┘╪»╪د╪ز\OrangeLarvel_updated\php_project\vendor\laravel\framework\src\Illuminate\Database\Query\Builder.php:4033
C:\Users\khale\OneDrive\╪د┘┘à╪│╪ز┘╪»╪د╪ز\OrangeLarvel_updated\php_project\vendor\laravel\framework\src\Illuminate\Database\Eloquent\Builder.php:2235
C:\Users\khale\OneDrive\╪د┘┘à╪│╪ز┘╪»╪د╪ز\OrangeLarvel_updated\php_project\vendor\laravel\framework\src\Illuminate\Database\Eloquent\Model.php:1436
C:\Users\khale\OneDrive\╪د┘┘à╪│╪ز┘╪»╪د╪ز\OrangeLarvel_updated\php_project\vendor\laravel\framework\src\Illuminate\Database\Eloquent\Model.php:1401
C:\Users\khale\OneDrive\╪د┘┘à╪│╪ز┘╪»╪د╪ز\OrangeLarvel_updated\php_project\vendor\laravel\framework\src\Illuminate\Database\Eloquent\Model.php:1240
C:\Users\khale\OneDrive\╪د┘┘à╪│╪ز┘╪»╪د╪ز\OrangeLarvel_updated\php_project\vendor\laravel\framework\src\Illuminate\Database\Eloquent\Factories\Factory.php:370
C:\Users\khale\OneDrive\╪د┘┘à╪│╪ز┘╪»╪د╪ز\OrangeLarvel_updated\php_project\vendor\laravel\framework\src\Illuminate\Collections\Traits\EnumeratesValues.php:271
C:\Users\khale\OneDrive\╪د┘┘à╪│╪ز┘╪»╪د╪ز\OrangeLarvel_updated\php_project\vendor\laravel\framework\src\Illuminate\Database\Eloquent\Factories\Factory.php:365
C:\Users\khale\OneDrive\╪د┘┘à╪│╪ز┘╪»╪د╪ز\OrangeLarvel_updated\php_project\vendor\laravel\framework\src\Illuminate\Database\Eloquent\Factories\Factory.php:321
C:\Users\khale\OneDrive\╪د┘┘à╪│╪ز┘╪»╪د╪ز\OrangeLarvel_updated\php_project\vendor\laravel\framework\src\Illuminate\Database\Eloquent\Factories\Factory.php:315
C:\Users\khale\OneDrive\╪د┘┘à╪│╪ز┘╪»╪د╪ز\OrangeLarvel_updated\php_project\tests\Feature\AuthApiTest.php:55

Caused by
PDOException: SQLSTATE[HY000]: General error: 1 table users has no column named email_verified_at

C:\Users\khale\OneDrive\╪د┘┘à╪│╪ز┘╪»╪د╪ز\OrangeLarvel_updated\php_project\vendor\laravel\framework\src\Illuminate\Database\Connection.php:578
C:\Users\khale\OneDrive\╪د┘┘à╪│╪ز┘╪»╪د╪ز\OrangeLarvel_updated\php_project\vendor\laravel\framework\src\Illuminate\Database\Connection.php:827
C:\Users\khale\OneDrive\╪د┘┘à╪│╪ز┘╪»╪د╪ز\OrangeLarvel_updated\php_project\vendor\laravel\framework\src\Illuminate\Database\Connection.php:794
C:\Users\khale\OneDrive\╪د┘┘à╪│╪ز┘╪»╪د╪ز\OrangeLarvel_updated\php_project\vendor\laravel\framework\src\Illuminate\Database\Connection.php:573
C:\Users\khale\OneDrive\╪د┘┘à╪│╪ز┘╪»╪د╪ز\OrangeLarvel_updated\php_project\vendor\laravel\framework\src\Illuminate\Database\Connection.php:537
C:\Users\khale\OneDrive\╪د┘┘à╪│╪ز┘╪»╪د╪ز\OrangeLarvel_updated\php_project\vendor\laravel\framework\src\Illuminate\Database\Query\Processors\Processor.php:32
C:\Users\khale\OneDrive\╪د┘┘à╪│╪ز┘╪»╪د╪ز\OrangeLarvel_updated\php_project\vendor\laravel\framework\src\Illuminate\Database\Query\Builder.php:4033
C:\Users\khale\OneDrive\╪د┘┘à╪│╪ز┘╪»╪د╪ز\OrangeLarvel_updated\php_project\vendor\laravel\framework\src\Illuminate\Database\Eloquent\Builder.php:2235
C:\Users\khale\OneDrive\╪د┘┘à╪│╪ز┘╪»╪د╪ز\OrangeLarvel_updated\php_project\vendor\laravel\framework\src\Illuminate\Database\Eloquent\Model.php:1436
C:\Users\khale\OneDrive\╪د┘┘à╪│╪ز┘╪»╪د╪ز\OrangeLarvel_updated\php_project\vendor\laravel\framework\src\Illuminate\Database\Eloquent\Model.php:1401
C:\Users\khale\OneDrive\╪د┘┘à╪│╪ز┘╪»╪د╪ز\OrangeLarvel_updated\php_project\vendor\laravel\framework\src\Illuminate\Database\Eloquent\Model.php:1240
C:\Users\khale\OneDrive\╪د┘┘à╪│╪ز┘╪»╪د╪ز\OrangeLarvel_updated\php_project\vendor\laravel\framework\src\Illuminate\Database\Eloquent\Factories\Factory.php:370
C:\Users\khale\OneDrive\╪د┘┘à╪│╪ز┘╪»╪د╪ز\OrangeLarvel_updated\php_project\vendor\laravel\framework\src\Illuminate\Collections\Traits\EnumeratesValues.php:271
C:\Users\khale\OneDrive\╪د┘┘à╪│╪ز┘╪»╪د╪ز\OrangeLarvel_updated\php_project\vendor\laravel\framework\src\Illuminate\Database\Eloquent\Factories\Factory.php:365
C:\Users\khale\OneDrive\╪د┘┘à╪│╪ز┘╪»╪د╪ز\OrangeLarvel_updated\php_project\vendor\laravel\framework\src\Illuminate\Database\Eloquent\Factories\Factory.php:321
C:\Users\khale\OneDrive\╪د┘┘à╪│╪ز┘╪»╪د╪ز\OrangeLarvel_updated\php_project\vendor\laravel\framework\src\Illuminate\Database\Eloquent\Factories\Factory.php:315
C:\Users\khale\OneDrive\╪د┘┘à╪│╪ز┘╪»╪د╪ز\OrangeLarvel_updated\php_project\tests\Feature\AuthApiTest.php:55

3) Tests\Feature\AuthApiTest::test_can_login_verified_user
Illuminate\Database\QueryException: SQLSTATE[HY000]: General error: 1 table users has no column named email_verified_at (Connection: sqlite, Database: :memory:, SQL: insert into "users" ("name", "email", "email_verified_at", "password", "remember_token", "email_verified", "updated_at", "created_at") values (Nicholas VonRueden, ezboncak@example.org, 2026-01-22 10:58:01, $2y$04$/Xk/x4ATo9RItEs/0XUhZeXopQUCAdAopO1/q7RpSSYJb02HudBcq, Ejyim1RQhM, 1, 2026-01-22 10:58:01, 2026-01-22 10:58:01))

C:\Users\khale\OneDrive\╪د┘┘à╪│╪ز┘╪»╪د╪ز\OrangeLarvel_updated\php_project\vendor\laravel\framework\src\Illuminate\Database\Connection.php:838
C:\Users\khale\OneDrive\╪د┘┘à╪│╪ز┘╪»╪د╪ز\OrangeLarvel_updated\php_project\vendor\laravel\framework\src\Illuminate\Database\Connection.php:794
C:\Users\khale\OneDrive\╪د┘┘à╪│╪ز┘╪»╪د╪ز\OrangeLarvel_updated\php_project\vendor\laravel\framework\src\Illuminate\Database\Connection.php:573
C:\Users\khale\OneDrive\╪د┘┘à╪│╪ز┘╪»╪د╪ز\OrangeLarvel_updated\php_project\vendor\laravel\framework\src\Illuminate\Database\Connection.php:537
C:\Users\khale\OneDrive\╪د┘┘à╪│╪ز┘╪»╪د╪ز\OrangeLarvel_updated\php_project\vendor\laravel\framework\src\Illuminate\Database\Query\Processors\Processor.php:32
C:\Users\khale\OneDrive\╪د┘┘à╪│╪ز┘╪»╪د╪ز\OrangeLarvel_updated\php_project\vendor\laravel\framework\src\Illuminate\Database\Query\Builder.php:4033
C:\Users\khale\OneDrive\╪د┘┘à╪│╪ز┘╪»╪د╪ز\OrangeLarvel_updated\php_project\vendor\laravel\framework\src\Illuminate\Database\Eloquent\Builder.php:2235
C:\Users\khale\OneDrive\╪د┘┘à╪│╪ز┘╪»╪د╪ز\OrangeLarvel_updated\php_project\vendor\laravel\framework\src\Illuminate\Database\Eloquent\Model.php:1436
C:\Users\khale\OneDrive\╪د┘┘à╪│╪ز┘╪»╪د╪ز\OrangeLarvel_updated\php_project\vendor\laravel\framework\src\Illuminate\Database\Eloquent\Model.php:1401
C:\Users\khale\OneDrive\╪د┘┘à╪│╪ز┘╪»╪د╪ز\OrangeLarvel_updated\php_project\vendor\laravel\framework\src\Illuminate\Database\Eloquent\Model.php:1240
C:\Users\khale\OneDrive\╪د┘┘à╪│╪ز┘╪»╪د╪ز\OrangeLarvel_updated\php_project\vendor\laravel\framework\src\Illuminate\Database\Eloquent\Factories\Factory.php:370
C:\Users\khale\OneDrive\╪د┘┘à╪│╪ز┘╪»╪د╪ز\OrangeLarvel_updated\php_project\vendor\laravel\framework\src\Illuminate\Collections\Traits\EnumeratesValues.php:271
C:\Users\khale\OneDrive\╪د┘┘à╪│╪ز┘╪»╪د╪ز\OrangeLarvel_updated\php_project\vendor\laravel\framework\src\Illuminate\Database\Eloquent\Factories\Factory.php:365
C:\Users\khale\OneDrive\╪د┘┘à╪│╪ز┘╪»╪د╪ز\OrangeLarvel_updated\php_project\vendor\laravel\framework\src\Illuminate\Database\Eloquent\Factories\Factory.php:321
C:\Users\khale\OneDrive\╪د┘┘à╪│╪ز┘╪»╪د╪ز\OrangeLarvel_updated\php_project\vendor\laravel\framework\src\Illuminate\Database\Eloquent\Factories\Factory.php:315
C:\Users\khale\OneDrive\╪د┘┘à╪│╪ز┘╪»╪د╪ز\OrangeLarvel_updated\php_project\tests\Feature\AuthApiTest.php:79

Caused by
PDOException: SQLSTATE[HY000]: General error: 1 table users has no column named email_verified_at

C:\Users\khale\OneDrive\╪د┘┘à╪│╪ز┘╪»╪د╪ز\OrangeLarvel_updated\php_project\vendor\laravel\framework\src\Illuminate\Database\Connection.php:578
C:\Users\khale\OneDrive\╪د┘┘à╪│╪ز┘╪»╪د╪ز\OrangeLarvel_updated\php_project\vendor\laravel\framework\src\Illuminate\Database\Connection.php:827
C:\Users\khale\OneDrive\╪د┘┘à╪│╪ز┘╪»╪د╪ز\OrangeLarvel_updated\php_project\vendor\laravel\framework\src\Illuminate\Database\Connection.php:794
C:\Users\khale\OneDrive\╪د┘┘à╪│╪ز┘╪»╪د╪ز\OrangeLarvel_updated\php_project\vendor\laravel\framework\src\Illuminate\Database\Connection.php:573
C:\Users\khale\OneDrive\╪د┘┘à╪│╪ز┘╪»╪د╪ز\OrangeLarvel_updated\php_project\vendor\laravel\framework\src\Illuminate\Database\Connection.php:537
C:\Users\khale\OneDrive\╪د┘┘à╪│╪ز┘╪»╪د╪ز\OrangeLarvel_updated\php_project\vendor\laravel\framework\src\Illuminate\Database\Query\Processors\Processor.php:32
C:\Users\khale\OneDrive\╪د┘┘à╪│╪ز┘╪»╪د╪ز\OrangeLarvel_updated\php_project\vendor\laravel\framework\src\Illuminate\Database\Query\Builder.php:4033
C:\Users\khale\OneDrive\╪د┘┘à╪│╪ز┘╪»╪د╪ز\OrangeLarvel_updated\php_project\vendor\laravel\framework\src\Illuminate\Database\Eloquent\Builder.php:2235
C:\Users\khale\OneDrive\╪د┘┘à╪│╪ز┘╪»╪د╪ز\OrangeLarvel_updated\php_project\vendor\laravel\framework\src\Illuminate\Database\Eloquent\Model.php:1436
C:\Users\khale\OneDrive\╪د┘┘à╪│╪ز┘╪»╪د╪ز\OrangeLarvel_updated\php_project\vendor\laravel\framework\src\Illuminate\Database\Eloquent\Model.php:1401
C:\Users\khale\OneDrive\╪د┘┘à╪│╪ز┘╪»╪د╪ز\OrangeLarvel_updated\php_project\vendor\laravel\framework\src\Illuminate\Database\Eloquent\Model.php:1240
C:\Users\khale\OneDrive\╪د┘┘à╪│╪ز┘╪»╪د╪ز\OrangeLarvel_updated\php_project\vendor\laravel\framework\src\Illuminate\Database\Eloquent\Factories\Factory.php:370
C:\Users\khale\OneDrive\╪د┘┘à╪│╪ز┘╪»╪د╪ز\OrangeLarvel_updated\php_project\vendor\laravel\framework\src\Illuminate\Collections\Traits\EnumeratesValues.php:271
C:\Users\khale\OneDrive\╪د┘┘à╪│╪ز┘╪»╪د╪ز\OrangeLarvel_updated\php_project\vendor\laravel\framework\src\Illuminate\Database\Eloquent\Factories\Factory.php:365
C:\Users\khale\OneDrive\╪د┘┘à╪│╪ز┘╪»╪د╪ز\OrangeLarvel_updated\php_project\vendor\laravel\framework\src\Illuminate\Database\Eloquent\Factories\Factory.php:321
C:\Users\khale\OneDrive\╪د┘┘à╪│╪ز┘╪»╪د╪ز\OrangeLarvel_updated\php_project\vendor\laravel\framework\src\Illuminate\Database\Eloquent\Factories\Factory.php:315
C:\Users\khale\OneDrive\╪د┘┘à╪│╪ز┘╪»╪د╪ز\OrangeLarvel_updated\php_project\tests\Feature\AuthApiTest.php:79

4) Tests\Feature\AuthApiTest::test_can_get_current_session
Illuminate\Database\QueryException: SQLSTATE[HY000]: General error: 1 table users has no column named email_verified_at (Connection: sqlite, Database: :memory:, SQL: insert into "users" ("name", "email", "email_verified_at", "password", "remember_token", "email_verified", "updated_at", "created_at") values (Cornell Mertz, juston86@example.com, 2026-01-22 10:58:01, $2y$04$mmNZIkOyYrUCrfTymjRK7OXn8zQ6xoAVDAx5vBHUqMHKq4djjCbuK, vfIcRADANp, 1, 2026-01-22 10:58:01, 2026-01-22 10:58:01))

C:\Users\khale\OneDrive\╪د┘┘à╪│╪ز┘╪»╪د╪ز\OrangeLarvel_updated\php_project\vendor\laravel\framework\src\Illuminate\Database\Connection.php:838
C:\Users\khale\OneDrive\╪د┘┘à╪│╪ز┘╪»╪د╪ز\OrangeLarvel_updated\php_project\vendor\laravel\framework\src\Illuminate\Database\Connection.php:794
C:\Users\khale\OneDrive\╪د┘┘à╪│╪ز┘╪»╪د╪ز\OrangeLarvel_updated\php_project\vendor\laravel\framework\src\Illuminate\Database\Connection.php:573
C:\Users\khale\OneDrive\╪د┘┘à╪│╪ز┘╪»╪د╪ز\OrangeLarvel_updated\php_project\vendor\laravel\framework\src\Illuminate\Database\Connection.php:537
C:\Users\khale\OneDrive\╪د┘┘à╪│╪ز┘╪»╪د╪ز\OrangeLarvel_updated\php_project\vendor\laravel\framework\src\Illuminate\Database\Query\Processors\Processor.php:32
C:\Users\khale\OneDrive\╪د┘┘à╪│╪ز┘╪»╪د╪ز\OrangeLarvel_updated\php_project\vendor\laravel\framework\src\Illuminate\Database\Query\Builder.php:4033
C:\Users\khale\OneDrive\╪د┘┘à╪│╪ز┘╪»╪د╪ز\OrangeLarvel_updated\php_project\vendor\laravel\framework\src\Illuminate\Database\Eloquent\Builder.php:2235
C:\Users\khale\OneDrive\╪د┘┘à╪│╪ز┘╪»╪د╪ز\OrangeLarvel_updated\php_project\vendor\laravel\framework\src\Illuminate\Database\Eloquent\Model.php:1436
C:\Users\khale\OneDrive\╪د┘┘à╪│╪ز┘╪»╪د╪ز\OrangeLarvel_updated\php_project\vendor\laravel\framework\src\Illuminate\Database\Eloquent\Model.php:1401
C:\Users\khale\OneDrive\╪د┘┘à╪│╪ز┘╪»╪د╪ز\OrangeLarvel_updated\php_project\vendor\laravel\framework\src\Illuminate\Database\Eloquent\Model.php:1240
C:\Users\khale\OneDrive\╪د┘┘à╪│╪ز┘╪»╪د╪ز\OrangeLarvel_updated\php_project\vendor\laravel\framework\src\Illuminate\Database\Eloquent\Factories\Factory.php:370
C:\Users\khale\OneDrive\╪د┘┘à╪│╪ز┘╪»╪د╪ز\OrangeLarvel_updated\php_project\vendor\laravel\framework\src\Illuminate\Collections\Traits\EnumeratesValues.php:271
C:\Users\khale\OneDrive\╪د┘┘à╪│╪ز┘╪»╪د╪ز\OrangeLarvel_updated\php_project\vendor\laravel\framework\src\Illuminate\Database\Eloquent\Factories\Factory.php:365
C:\Users\khale\OneDrive\╪د┘┘à╪│╪ز┘╪»╪د╪ز\OrangeLarvel_updated\php_project\vendor\laravel\framework\src\Illuminate\Database\Eloquent\Factories\Factory.php:321
C:\Users\khale\OneDrive\╪د┘┘à╪│╪ز┘╪»╪د╪ز\OrangeLarvel_updated\php_project\vendor\laravel\framework\src\Illuminate\Database\Eloquent\Factories\Factory.php:315
C:\Users\khale\OneDrive\╪د┘┘à╪│╪ز┘╪»╪د╪ز\OrangeLarvel_updated\php_project\tests\Feature\AuthApiTest.php:97

Caused by
PDOException: SQLSTATE[HY000]: General error: 1 table users has no column named email_verified_at

C:\Users\khale\OneDrive\╪د┘┘à╪│╪ز┘╪»╪د╪ز\OrangeLarvel_updated\php_project\vendor\laravel\framework\src\Illuminate\Database\Connection.php:578
C:\Users\khale\OneDrive\╪د┘┘à╪│╪ز┘╪»╪د╪ز\OrangeLarvel_updated\php_project\vendor\laravel\framework\src\Illuminate\Database\Connection.php:827
C:\Users\khale\OneDrive\╪د┘┘à╪│╪ز┘╪»╪د╪ز\OrangeLarvel_updated\php_project\vendor\laravel\framework\src\Illuminate\Database\Connection.php:794
C:\Users\khale\OneDrive\╪د┘┘à╪│╪ز┘╪»╪د╪ز\OrangeLarvel_updated\php_project\vendor\laravel\framework\src\Illuminate\Database\Connection.php:573
C:\Users\khale\OneDrive\╪د┘┘à╪│╪ز┘╪»╪د╪ز\OrangeLarvel_updated\php_project\vendor\laravel\framework\src\Illuminate\Database\Connection.php:537
C:\Users\khale\OneDrive\╪د┘┘à╪│╪ز┘╪»╪د╪ز\OrangeLarvel_updated\php_project\vendor\laravel\framework\src\Illuminate\Database\Query\Processors\Processor.php:32
C:\Users\khale\OneDrive\╪د┘┘à╪│╪ز┘╪»╪د╪ز\OrangeLarvel_updated\php_project\vendor\laravel\framework\src\Illuminate\Database\Query\Builder.php:4033
C:\Users\khale\OneDrive\╪د┘┘à╪│╪ز┘╪»╪د╪ز\OrangeLarvel_updated\php_project\vendor\laravel\framework\src\Illuminate\Database\Eloquent\Builder.php:2235
C:\Users\khale\OneDrive\╪د┘┘à╪│╪ز┘╪»╪د╪ز\OrangeLarvel_updated\php_project\vendor\laravel\framework\src\Illuminate\Database\Eloquent\Model.php:1436
C:\Users\khale\OneDrive\╪د┘┘à╪│╪ز┘╪»╪د╪ز\OrangeLarvel_updated\php_project\vendor\laravel\framework\src\Illuminate\Database\Eloquent\Model.php:1401
C:\Users\khale\OneDrive\╪د┘┘à╪│╪ز┘╪»╪د╪ز\OrangeLarvel_updated\php_project\vendor\laravel\framework\src\Illuminate\Database\Eloquent\Model.php:1240
C:\Users\khale\OneDrive\╪د┘┘à╪│╪ز┘╪»╪د╪ز\OrangeLarvel_updated\php_project\vendor\laravel\framework\src\Illuminate\Database\Eloquent\Factories\Factory.php:370
C:\Users\khale\OneDrive\╪د┘┘à╪│╪ز┘╪»╪د╪ز\OrangeLarvel_updated\php_project\vendor\laravel\framework\src\Illuminate\Collections\Traits\EnumeratesValues.php:271
C:\Users\khale\OneDrive\╪د┘┘à╪│╪ز┘╪»╪د╪ز\OrangeLarvel_updated\php_project\vendor\laravel\framework\src\Illuminate\Database\Eloquent\Factories\Factory.php:365
C:\Users\khale\OneDrive\╪د┘┘à╪│╪ز┘╪»╪د╪ز\OrangeLarvel_updated\php_project\vendor\laravel\framework\src\Illuminate\Database\Eloquent\Factories\Factory.php:321
C:\Users\khale\OneDrive\╪د┘┘à╪│╪ز┘╪»╪د╪ز\OrangeLarvel_updated\php_project\vendor\laravel\framework\src\Illuminate\Database\Eloquent\Factories\Factory.php:315
C:\Users\khale\OneDrive\╪د┘┘à╪│╪ز┘╪»╪د╪ز\OrangeLarvel_updated\php_project\tests\Feature\AuthApiTest.php:97

5) Tests\Feature\AuthApiTest::test_can_logout
Illuminate\Database\QueryException: SQLSTATE[HY000]: General error: 1 table users has no column named email_verified_at (Connection: sqlite, Database: :memory:, SQL: insert into "users" ("name", "email", "email_verified_at", "password", "remember_token", "updated_at", "created_at") values (Sallie Deckow, gstroman@example.com, 2026-01-22 10:58:01, $2y$04$mmNZIkOyYrUCrfTymjRK7OXn8zQ6xoAVDAx5vBHUqMHKq4djjCbuK, dFAOX5HMsE, 2026-01-22 10:58:01, 2026-01-22 10:58:01))

C:\Users\khale\OneDrive\╪د┘┘à╪│╪ز┘╪»╪د╪ز\OrangeLarvel_updated\php_project\vendor\laravel\framework\src\Illuminate\Database\Connection.php:838
C:\Users\khale\OneDrive\╪د┘┘à╪│╪ز┘╪»╪د╪ز\OrangeLarvel_updated\php_project\vendor\laravel\framework\src\Illuminate\Database\Connection.php:794
C:\Users\khale\OneDrive\╪د┘┘à╪│╪ز┘╪»╪د╪ز\OrangeLarvel_updated\php_project\vendor\laravel\framework\src\Illuminate\Database\Connection.php:573
C:\Users\khale\OneDrive\╪د┘┘à╪│╪ز┘╪»╪د╪ز\OrangeLarvel_updated\php_project\vendor\laravel\framework\src\Illuminate\Database\Connection.php:537
C:\Users\khale\OneDrive\╪د┘┘à╪│╪ز┘╪»╪د╪ز\OrangeLarvel_updated\php_project\vendor\laravel\framework\src\Illuminate\Database\Query\Processors\Processor.php:32
C:\Users\khale\OneDrive\╪د┘┘à╪│╪ز┘╪»╪د╪ز\OrangeLarvel_updated\php_project\vendor\laravel\framework\src\Illuminate\Database\Query\Builder.php:4033
C:\Users\khale\OneDrive\╪د┘┘à╪│╪ز┘╪»╪د╪ز\OrangeLarvel_updated\php_project\vendor\laravel\framework\src\Illuminate\Database\Eloquent\Builder.php:2235
C:\Users\khale\OneDrive\╪د┘┘à╪│╪ز┘╪»╪د╪ز\OrangeLarvel_updated\php_project\vendor\laravel\framework\src\Illuminate\Database\Eloquent\Model.php:1436
C:\Users\khale\OneDrive\╪د┘┘à╪│╪ز┘╪»╪د╪ز\OrangeLarvel_updated\php_project\vendor\laravel\framework\src\Illuminate\Database\Eloquent\Model.php:1401
C:\Users\khale\OneDrive\╪د┘┘à╪│╪ز┘╪»╪د╪ز\OrangeLarvel_updated\php_project\vendor\laravel\framework\src\Illuminate\Database\Eloquent\Model.php:1240
C:\Users\khale\OneDrive\╪د┘┘à╪│╪ز┘╪»╪د╪ز\OrangeLarvel_updated\php_project\vendor\laravel\framework\src\Illuminate\Database\Eloquent\Factories\Factory.php:370
C:\Users\khale\OneDrive\╪د┘┘à╪│╪ز┘╪»╪د╪ز\OrangeLarvel_updated\php_project\vendor\laravel\framework\src\Illuminate\Collections\Traits\EnumeratesValues.php:271
C:\Users\khale\OneDrive\╪د┘┘à╪│╪ز┘╪»╪د╪ز\OrangeLarvel_updated\php_project\vendor\laravel\framework\src\Illuminate\Database\Eloquent\Factories\Factory.php:365
C:\Users\khale\OneDrive\╪د┘┘à╪│╪ز┘╪»╪د╪ز\OrangeLarvel_updated\php_project\vendor\laravel\framework\src\Illuminate\Database\Eloquent\Factories\Factory.php:321
C:\Users\khale\OneDrive\╪د┘┘à╪│╪ز┘╪»╪د╪ز\OrangeLarvel_updated\php_project\tests\Feature\AuthApiTest.php:110

Caused by
PDOException: SQLSTATE[HY000]: General error: 1 table users has no column named email_verified_at

C:\Users\khale\OneDrive\╪د┘┘à╪│╪ز┘╪»╪د╪ز\OrangeLarvel_updated\php_project\vendor\laravel\framework\src\Illuminate\Database\Connection.php:578
C:\Users\khale\OneDrive\╪د┘┘à╪│╪ز┘╪»╪د╪ز\OrangeLarvel_updated\php_project\vendor\laravel\framework\src\Illuminate\Database\Connection.php:827
C:\Users\khale\OneDrive\╪د┘┘à╪│╪ز┘╪»╪د╪ز\OrangeLarvel_updated\php_project\vendor\laravel\framework\src\Illuminate\Database\Connection.php:794
C:\Users\khale\OneDrive\╪د┘┘à╪│╪ز┘╪»╪د╪ز\OrangeLarvel_updated\php_project\vendor\laravel\framework\src\Illuminate\Database\Connection.php:573
C:\Users\khale\OneDrive\╪د┘┘à╪│╪ز┘╪»╪د╪ز\OrangeLarvel_updated\php_project\vendor\laravel\framework\src\Illuminate\Database\Connection.php:537
C:\Users\khale\OneDrive\╪د┘┘à╪│╪ز┘╪»╪د╪ز\OrangeLarvel_updated\php_project\vendor\laravel\framework\src\Illuminate\Database\Query\Processors\Processor.php:32
C:\Users\khale\OneDrive\╪د┘┘à╪│╪ز┘╪»╪د╪ز\OrangeLarvel_updated\php_project\vendor\laravel\framework\src\Illuminate\Database\Query\Builder.php:4033
C:\Users\khale\OneDrive\╪د┘┘à╪│╪ز┘╪»╪د╪ز\OrangeLarvel_updated\php_project\vendor\laravel\framework\src\Illuminate\Database\Eloquent\Builder.php:2235
C:\Users\khale\OneDrive\╪د┘┘à╪│╪ز┘╪»╪د╪ز\OrangeLarvel_updated\php_project\vendor\laravel\framework\src\Illuminate\Database\Eloquent\Model.php:1436
C:\Users\khale\OneDrive\╪د┘┘à╪│╪ز┘╪»╪د╪ز\OrangeLarvel_updated\php_project\vendor\laravel\framework\src\Illuminate\Database\Eloquent\Model.php:1401
C:\Users\khale\OneDrive\╪د┘┘à╪│╪ز┘╪»╪د╪ز\OrangeLarvel_updated\php_project\vendor\laravel\framework\src\Illuminate\Database\Eloquent\Model.php:1240
C:\Users\khale\OneDrive\╪د┘┘à╪│╪ز┘╪»╪د╪ز\OrangeLarvel_updated\php_project\vendor\laravel\framework\src\Illuminate\Database\Eloquent\Factories\Factory.php:370
C:\Users\khale\OneDrive\╪د┘┘à╪│╪ز┘╪»╪د╪ز\OrangeLarvel_updated\php_project\vendor\laravel\framework\src\Illuminate\Collections\Traits\EnumeratesValues.php:271
C:\Users\khale\OneDrive\╪د┘┘à╪│╪ز┘╪»╪د╪ز\OrangeLarvel_updated\php_project\vendor\laravel\framework\src\Illuminate\Database\Eloquent\Factories\Factory.php:365
C:\Users\khale\OneDrive\╪د┘┘à╪│╪ز┘╪»╪د╪ز\OrangeLarvel_updated\php_project\vendor\laravel\framework\src\Illuminate\Database\Eloquent\Factories\Factory.php:321
C:\Users\khale\OneDrive\╪د┘┘à╪│╪ز┘╪»╪د╪ز\OrangeLarvel_updated\php_project\tests\Feature\AuthApiTest.php:110

--

There was 1 failure:

1) Tests\Feature\AuthApiTest::test_can_register_user
Expected response status code [200] but received 500.
Failed asserting that 500 is identical to 200.

The following exception occurred during the last request:

PDOException: SQLSTATE[23000]: Integrity constraint violation: 19 NOT NULL constraint failed: users.university_id in C:\Users\khale\OneDrive\╪د┘┘à╪│╪ز┘╪»╪د╪ز\OrangeLarvel_updated\php_project\vendor\laravel\framework\src\Illuminate\Database\Connection.php:584
Stack trace:
#0 C:\Users\khale\OneDrive\╪د┘┘à╪│╪ز┘╪»╪د╪ز\OrangeLarvel_updated\php_project\vendor\laravel\framework\src\Illuminate\Database\Connection.php(584): PDOStatement->execute()
#1 C:\Users\khale\OneDrive\╪د┘┘à╪│╪ز┘╪»╪د╪ز\OrangeLarvel_updated\php_project\vendor\laravel\framework\src\Illuminate\Database\Connection.php(827): Illuminate\Database\Connection->{closure:Illuminate\Database\Connection::statement():573}('insert into "us...', Array)
#2 C:\Users\khale\OneDrive\╪د┘┘à╪│╪ز┘╪»╪د╪ز\OrangeLarvel_updated\php_project\vendor\laravel\framework\src\Illuminate\Database\Connection.php(794): Illuminate\Database\Connection->runQueryCallback('insert into "us...', Array, Object(Closure))
#3 C:\Users\khale\OneDrive\╪د┘┘à╪│╪ز┘╪»╪د╪ز\OrangeLarvel_updated\php_project\vendor\laravel\framework\src\Illuminate\Database\Connection.php(573): Illuminate\Database\Connection->run('insert into "us...', Array, Object(Closure))
#4 C:\Users\khale\OneDrive\╪د┘┘à╪│╪ز┘╪»╪د╪ز\OrangeLarvel_updated\php_project\vendor\laravel\framework\src\Illuminate\Database\Connection.php(537): Illuminate\Database\Connection->statement('insert into "us...', Array)
#5 C:\Users\khale\OneDrive\╪د┘┘à╪│╪ز┘╪»╪د╪ز\OrangeLarvel_updated\php_project\vendor\laravel\framework\src\Illuminate\Database\Query\Processors\Processor.php(32): Illuminate\Database\Connection->insert('insert into "us...', Array)
#6 C:\Users\khale\OneDrive\╪د┘┘à╪│╪ز┘╪»╪د╪ز\OrangeLarvel_updated\php_project\vendor\laravel\framework\src\Illuminate\Database\Query\Builder.php(4033): Illuminate\Database\Query\Processors\Processor->processInsertGetId(Object(Illuminate\Database\Query\Builder), 'insert into "us...', Array, 'id')
#7 C:\Users\khale\OneDrive\╪د┘┘à╪│╪ز┘╪»╪د╪ز\OrangeLarvel_updated\php_project\vendor\laravel\framework\src\Illuminate\Database\Eloquent\Builder.php(2235): Illuminate\Database\Query\Builder->insertGetId(Array, 'id')
#8 C:\Users\khale\OneDrive\╪د┘┘à╪│╪ز┘╪»╪د╪ز\OrangeLarvel_updated\php_project\vendor\laravel\framework\src\Illuminate\Database\Eloquent\Model.php(1436): Illuminate\Database\Eloquent\Builder->__call('insertGetId', Array)
#9 C:\Users\khale\OneDrive\╪د┘┘à╪│╪ز┘╪»╪د╪ز\OrangeLarvel_updated\php_project\vendor\laravel\framework\src\Illuminate\Database\Eloquent\Model.php(1401): Illuminate\Database\Eloquent\Model->insertAndSetId(Object(Illuminate\Database\Eloquent\Builder), Array)
#10 C:\Users\khale\OneDrive\╪د┘┘à╪│╪ز┘╪»╪د╪ز\OrangeLarvel_updated\php_project\vendor\laravel\framework\src\Illuminate\Database\Eloquent\Model.php(1240): Illuminate\Database\Eloquent\Model->performInsert(Object(Illuminate\Database\Eloquent\Builder))
#11 C:\Users\khale\OneDrive\╪د┘┘à╪│╪ز┘╪»╪د╪ز\OrangeLarvel_updated\php_project\vendor\laravel\framework\src\Illuminate\Database\Eloquent\Builder.php(1219): Illuminate\Database\Eloquent\Model->save()
#12 C:\Users\khale\OneDrive\╪د┘┘à╪│╪ز┘╪»╪د╪ز\OrangeLarvel_updated\php_project\vendor\laravel\framework\src\Illuminate\Support\helpers.php(390): Illuminate\Database\Eloquent\Builder->{closure:Illuminate\Database\Eloquent\Builder::create():1218}(Object(App\Models\User))
#13 C:\Users\khale\OneDrive\╪د┘┘à╪│╪ز┘╪»╪د╪ز\OrangeLarvel_updated\php_project\vendor\laravel\framework\src\Illuminate\Database\Eloquent\Builder.php(1218): tap(Object(App\Models\User), Object(Closure))
#14 C:\Users\khale\OneDrive\╪د┘┘à╪│╪ز┘╪»╪د╪ز\OrangeLarvel_updated\php_project\vendor\laravel\framework\src\Illuminate\Support\Traits\ForwardsCalls.php(23): Illuminate\Database\Eloquent\Builder->create(Array)
#15 C:\Users\khale\OneDrive\╪د┘┘à╪│╪ز┘╪»╪د╪ز\OrangeLarvel_updated\php_project\vendor\laravel\framework\src\Illuminate\Database\Eloquent\Model.php(2540): Illuminate\Database\Eloquent\Model->forwardCallTo(Object(Illuminate\Database\Eloquent\Builder), 'create', Array)
#16 C:\Users\khale\OneDrive\╪د┘┘à╪│╪ز┘╪»╪د╪ز\OrangeLarvel_updated\php_project\vendor\laravel\framework\src\Illuminate\Database\Eloquent\Model.php(2556): Illuminate\Database\Eloquent\Model->__call('create', Array)
#17 C:\Users\khale\OneDrive\╪د┘┘à╪│╪ز┘╪»╪د╪ز\OrangeLarvel_updated\php_project\app\Services\AuthService.php(49): Illuminate\Database\Eloquent\Model::__callStatic('create', Array)
#18 C:\Users\khale\OneDrive\╪د┘┘à╪│╪ز┘╪»╪د╪ز\OrangeLarvel_updated\php_project\app\Http\Controllers\Auth\AuthController.php(30): App\Services\AuthService->register(Array)
#19 C:\Users\khale\OneDrive\╪د┘┘à╪│╪ز┘╪»╪د╪ز\OrangeLarvel_updated\php_project\vendor\laravel\framework\src\Illuminate\Routing\ControllerDispatcher.php(46): App\Http\Controllers\Auth\AuthController->register(Object(Illuminate\Http\Request))
#20 C:\Users\khale\OneDrive\╪د┘┘à╪│╪ز┘╪»╪د╪ز\OrangeLarvel_updated\php_project\vendor\laravel\framework\src\Illuminate\Routing\Route.php(265): Illuminate\Routing\ControllerDispatcher->dispatch(Object(Illuminate\Routing\Route), Object(App\Http\Controllers\Auth\AuthController), 'register')
#21 C:\Users\khale\OneDrive\╪د┘┘à╪│╪ز┘╪»╪د╪ز\OrangeLarvel_updated\php_project\vendor\laravel\framework\src\Illuminate\Routing\Route.php(211): Illuminate\Routing\Route->runController()
#22 C:\Users\khale\OneDrive\╪د┘┘à╪│╪ز┘╪»╪د╪ز\OrangeLarvel_updated\php_project\vendor\laravel\framework\src\Illuminate\Routing\Router.php(822): Illuminate\Routing\Route->run()
#23 C:\Users\khale\OneDrive\╪د┘┘à╪│╪ز┘╪»╪د╪ز\OrangeLarvel_updated\php_project\vendor\laravel\framework\src\Illuminate\Pipeline\Pipeline.php(180): Illuminate\Routing\Router->{closure:Illuminate\Routing\Router::runRouteWithinStack():821}(Object(Illuminate\Http\Request))
#24 C:\Users\khale\OneDrive\╪د┘┘à╪│╪ز┘╪»╪د╪ز\OrangeLarvel_updated\php_project\vendor\laravel\framework\src\Illuminate\Routing\Middleware\SubstituteBindings.php(50): Illuminate\Pipeline\Pipeline->{closure:Illuminate\Pipeline\Pipeline::prepareDestination():178}(Object(Illuminate\Http\Request))
#25 C:\Users\khale\OneDrive\╪د┘┘à╪│╪ز┘╪»╪د╪ز\OrangeLarvel_updated\php_project\vendor\laravel\framework\src\Illuminate\Pipeline\Pipeline.php(219): Illuminate\Routing\Middleware\SubstituteBindings->handle(Object(Illuminate\Http\Request), Object(Closure))
#26 C:\Users\khale\OneDrive\╪د┘┘à╪│╪ز┘╪»╪د╪ز\OrangeLarvel_updated\php_project\vendor\laravel\framework\src\Illuminate\Session\Middleware\StartSession.php(120): Illuminate\Pipeline\Pipeline->{closure:{closure:Illuminate\Pipeline\Pipeline::carry():194}:195}(Object(Illuminate\Http\Request))
#27 C:\Users\khale\OneDrive\╪د┘┘à╪│╪ز┘╪»╪د╪ز\OrangeLarvel_updated\php_project\vendor\laravel\framework\src\Illuminate\Session\Middleware\StartSession.php(63): Illuminate\Session\Middleware\StartSession->handleStatefulRequest(Object(Illuminate\Http\Request), Object(Illuminate\Session\Store), Object(Closure))
#28 C:\Users\khale\OneDrive\╪د┘┘à╪│╪ز┘╪»╪د╪ز\OrangeLarvel_updated\php_project\vendor\laravel\framework\src\Illuminate\Pipeline\Pipeline.php(219): Illuminate\Session\Middleware\StartSession->handle(Object(Illuminate\Http\Request), Object(Closure))
#29 C:\Users\khale\OneDrive\╪د┘┘à╪│╪ز┘╪»╪د╪ز\OrangeLarvel_updated\php_project\vendor\laravel\framework\src\Illuminate\Cookie\Middleware\AddQueuedCookiesToResponse.php(36): Illuminate\Pipeline\Pipeline->{closure:{closure:Illuminate\Pipeline\Pipeline::carry():194}:195}(Object(Illuminate\Http\Request))
#30 C:\Users\khale\OneDrive\╪د┘┘à╪│╪ز┘╪»╪د╪ز\OrangeLarvel_updated\php_project\vendor\laravel\framework\src\Illuminate\Pipeline\Pipeline.php(219): Illuminate\Cookie\Middleware\AddQueuedCookiesToResponse->handle(Object(Illuminate\Http\Request), Object(Closure))
#31 C:\Users\khale\OneDrive\╪د┘┘à╪│╪ز┘╪»╪د╪ز\OrangeLarvel_updated\php_project\vendor\laravel\framework\src\Illuminate\Cookie\Middleware\EncryptCookies.php(74): Illuminate\Pipeline\Pipeline->{closure:{closure:Illuminate\Pipeline\Pipeline::carry():194}:195}(Object(Illuminate\Http\Request))
#32 C:\Users\khale\OneDrive\╪د┘┘à╪│╪ز┘╪»╪د╪ز\OrangeLarvel_updated\php_project\vendor\laravel\framework\src\Illuminate\Pipeline\Pipeline.php(219): Illuminate\Cookie\Middleware\EncryptCookies->handle(Object(Illuminate\Http\Request), Object(Closure))
#33 C:\Users\khale\OneDrive\╪د┘┘à╪│╪ز┘╪»╪د╪ز\OrangeLarvel_updated\php_project\vendor\laravel\framework\src\Illuminate\Pipeline\Pipeline.php(137): Illuminate\Pipeline\Pipeline->{closure:{closure:Illuminate\Pipeline\Pipeline::carry():194}:195}(Object(Illuminate\Http\Request))
#34 C:\Users\khale\OneDrive\╪د┘┘à╪│╪ز┘╪»╪د╪ز\OrangeLarvel_updated\php_project\vendor\laravel\framework\src\Illuminate\Routing\Router.php(821): Illuminate\Pipeline\Pipeline->then(Object(Closure))
#35 C:\Users\khale\OneDrive\╪د┘┘à╪│╪ز┘╪»╪د╪ز\OrangeLarvel_updated\php_project\vendor\laravel\framework\src\Illuminate\Routing\Router.php(800): Illuminate\Routing\Router->runRouteWithinStack(Object(Illuminate\Routing\Route), Object(Illuminate\Http\Request))
#36 C:\Users\khale\OneDrive\╪د┘┘à╪│╪ز┘╪»╪د╪ز\OrangeLarvel_updated\php_project\vendor\laravel\framework\src\Illuminate\Routing\Router.php(764): Illuminate\Routing\Router->runRoute(Object(Illuminate\Http\Request), Object(Illuminate\Routing\Route))
#37 C:\Users\khale\OneDrive\╪د┘┘à╪│╪ز┘╪»╪د╪ز\OrangeLarvel_updated\php_project\vendor\laravel\framework\src\Illuminate\Routing\Router.php(753): Illuminate\Routing\Router->dispatchToRoute(Object(Illuminate\Http\Request))
#38 C:\Users\khale\OneDrive\╪د┘┘à╪│╪ز┘╪»╪د╪ز\OrangeLarvel_updated\php_project\vendor\laravel\framework\src\Illuminate\Foundation\Http\Kernel.php(200): Illuminate\Routing\Router->dispatch(Object(Illuminate\Http\Request))
#39 C:\Users\khale\OneDrive\╪د┘┘à╪│╪ز┘╪»╪د╪ز\OrangeLarvel_updated\php_project\vendor\laravel\framework\src\Illuminate\Pipeline\Pipeline.php(180): Illuminate\Foundation\Http\Kernel->{closure:Illuminate\Foundation\Http\Kernel::dispatchToRouter():197}(Object(Illuminate\Http\Request))
#40 C:\Users\khale\OneDrive\╪د┘┘à╪│╪ز┘╪»╪د╪ز\OrangeLarvel_updated\php_project\vendor\laravel\framework\src\Illuminate\Foundation\Http\Middleware\TransformsRequest.php(21): Illuminate\Pipeline\Pipeline->{closure:Illuminate\Pipeline\Pipeline::prepareDestination():178}(Object(Illuminate\Http\Request))
#41 C:\Users\khale\OneDrive\╪د┘┘à╪│╪ز┘╪»╪د╪ز\OrangeLarvel_updated\php_project\vendor\laravel\framework\src\Illuminate\Foundation\Http\Middleware\ConvertEmptyStringsToNull.php(31): Illuminate\Foundation\Http\Middleware\TransformsRequest->handle(Object(Illuminate\Http\Request), Object(Closure))
#42 C:\Users\khale\OneDrive\╪د┘┘à╪│╪ز┘╪»╪د╪ز\OrangeLarvel_updated\php_project\vendor\laravel\framework\src\Illuminate\Pipeline\Pipeline.php(219): Illuminate\Foundation\Http\Middleware\ConvertEmptyStringsToNull->handle(Object(Illuminate\Http\Request), Object(Closure))
#43 C:\Users\khale\OneDrive\╪د┘┘à╪│╪ز┘╪»╪د╪ز\OrangeLarvel_updated\php_project\vendor\laravel\framework\src\Illuminate\Foundation\Http\Middleware\TransformsRequest.php(21): Illuminate\Pipeline\Pipeline->{closure:{closure:Illuminate\Pipeline\Pipeline::carry():194}:195}(Object(Illuminate\Http\Request))
#44 C:\Users\khale\OneDrive\╪د┘┘à╪│╪ز┘╪»╪د╪ز\OrangeLarvel_updated\php_project\vendor\laravel\framework\src\Illuminate\Foundation\Http\Middleware\TrimStrings.php(51): Illuminate\Foundation\Http\Middleware\TransformsRequest->handle(Object(Illuminate\Http\Request), Object(Closure))
#45 C:\Users\khale\OneDrive\╪د┘┘à╪│╪ز┘╪»╪د╪ز\OrangeLarvel_updated\php_project\vendor\laravel\framework\src\Illuminate\Pipeline\Pipeline.php(219): Illuminate\Foundation\Http\Middleware\TrimStrings->handle(Object(Illuminate\Http\Request), Object(Closure))
#46 C:\Users\khale\OneDrive\╪د┘┘à╪│╪ز┘╪»╪د╪ز\OrangeLarvel_updated\php_project\vendor\laravel\framework\src\Illuminate\Http\Middleware\ValidatePostSize.php(27): Illuminate\Pipeline\Pipeline->{closure:{closure:Illuminate\Pipeline\Pipeline::carry():194}:195}(Object(Illuminate\Http\Request))
#47 C:\Users\khale\OneDrive\╪د┘┘à╪│╪ز┘╪»╪د╪ز\OrangeLarvel_updated\php_project\vendor\laravel\framework\src\Illuminate\Pipeline\Pipeline.php(219): Illuminate\Http\Middleware\ValidatePostSize->handle(Object(Illuminate\Http\Request), Object(Closure))
#48 C:\Users\khale\OneDrive\╪د┘┘à╪│╪ز┘╪»╪د╪ز\OrangeLarvel_updated\php_project\vendor\laravel\framework\src\Illuminate\Foundation\Http\Middleware\PreventRequestsDuringMaintenance.php(109): Illuminate\Pipeline\Pipeline->{closure:{closure:Illuminate\Pipeline\Pipeline::carry():194}:195}(Object(Illuminate\Http\Request))
#49 C:\Users\khale\OneDrive\╪د┘┘à╪│╪ز┘╪»╪د╪ز\OrangeLarvel_updated\php_project\vendor\laravel\framework\src\Illuminate\Pipeline\Pipeline.php(219): Illuminate\Foundation\Http\Middleware\PreventRequestsDuringMaintenance->handle(Object(Illuminate\Http\Request), Object(Closure))
#50 C:\Users\khale\OneDrive\╪د┘┘à╪│╪ز┘╪»╪د╪ز\OrangeLarvel_updated\php_project\vendor\laravel\framework\src\Illuminate\Http\Middleware\HandleCors.php(61): Illuminate\Pipeline\Pipeline->{closure:{closure:Illuminate\Pipeline\Pipeline::carry():194}:195}(Object(Illuminate\Http\Request))
#51 C:\Users\khale\OneDrive\╪د┘┘à╪│╪ز┘╪»╪د╪ز\OrangeLarvel_updated\php_project\vendor\laravel\framework\src\Illuminate\Pipeline\Pipeline.php(219): Illuminate\Http\Middleware\HandleCors->handle(Object(Illuminate\Http\Request), Object(Closure))
#52 C:\Users\khale\OneDrive\╪د┘┘à╪│╪ز┘╪»╪د╪ز\OrangeLarvel_updated\php_project\vendor\laravel\framework\src\Illuminate\Http\Middleware\TrustProxies.php(58): Illuminate\Pipeline\Pipeline->{closure:{closure:Illuminate\Pipeline\Pipeline::carry():194}:195}(Object(Illuminate\Http\Request))
#53 C:\Users\khale\OneDrive\╪د┘┘à╪│╪ز┘╪»╪د╪ز\OrangeLarvel_updated\php_project\vendor\laravel\framework\src\Illuminate\Pipeline\Pipeline.php(219): Illuminate\Http\Middleware\TrustProxies->handle(Object(Illuminate\Http\Request), Object(Closure))
#54 C:\Users\khale\OneDrive\╪د┘┘à╪│╪ز┘╪»╪د╪ز\OrangeLarvel_updated\php_project\vendor\laravel\framework\src\Illuminate\Foundation\Http\Middleware\InvokeDeferredCallbacks.php(22): Illuminate\Pipeline\Pipeline->{closure:{closure:Illuminate\Pipeline\Pipeline::carry():194}:195}(Object(Illuminate\Http\Request))
#55 C:\Users\khale\OneDrive\╪د┘┘à╪│╪ز┘╪»╪د╪ز\OrangeLarvel_updated\php_project\vendor\laravel\framework\src\Illuminate\Pipeline\Pipeline.php(219): Illuminate\Foundation\Http\Middleware\InvokeDeferredCallbacks->handle(Object(Illuminate\Http\Request), Object(Closure))
#56 C:\Users\khale\OneDrive\╪د┘┘à╪│╪ز┘╪»╪د╪ز\OrangeLarvel_updated\php_project\vendor\laravel\framework\src\Illuminate\Http\Middleware\ValidatePathEncoding.php(26): Illuminate\Pipeline\Pipeline->{closure:{closure:Illuminate\Pipeline\Pipeline::carry():194}:195}(Object(Illuminate\Http\Request))
#57 C:\Users\khale\OneDrive\╪د┘┘à╪│╪ز┘╪»╪د╪ز\OrangeLarvel_updated\php_project\vendor\laravel\framework\src\Illuminate\Pipeline\Pipeline.php(219): Illuminate\Http\Middleware\ValidatePathEncoding->handle(Object(Illuminate\Http\Request), Object(Closure))
#58 C:\Users\khale\OneDrive\╪د┘┘à╪│╪ز┘╪»╪د╪ز\OrangeLarvel_updated\php_project\vendor\laravel\framework\src\Illuminate\Pipeline\Pipeline.php(137): Illuminate\Pipeline\Pipeline->{closure:{closure:Illuminate\Pipeline\Pipeline::carry():194}:195}(Object(Illuminate\Http\Request))
#59 C:\Users\khale\OneDrive\╪د┘┘à╪│╪ز┘╪»╪د╪ز\OrangeLarvel_updated\php_project\vendor\laravel\framework\src\Illuminate\Foundation\Http\Kernel.php(175): Illuminate\Pipeline\Pipeline->then(Object(Closure))
#60 C:\Users\khale\OneDrive\╪د┘┘à╪│╪ز┘╪»╪د╪ز\OrangeLarvel_updated\php_project\vendor\laravel\framework\src\Illuminate\Foundation\Http\Kernel.php(144): Illuminate\Foundation\Http\Kernel->sendRequestThroughRouter(Object(Illuminate\Http\Request))
#61 C:\Users\khale\OneDrive\╪د┘┘à╪│╪ز┘╪»╪د╪ز\OrangeLarvel_updated\php_project\vendor\laravel\framework\src\Illuminate\Foundation\Testing\Concerns\MakesHttpRequests.php(607): Illuminate\Foundation\Http\Kernel->handle(Object(Illuminate\Http\Request))
#62 C:\Users\khale\OneDrive\╪د┘┘à╪│╪ز┘╪»╪د╪ز\OrangeLarvel_updated\php_project\vendor\laravel\framework\src\Illuminate\Foundation\Testing\Concerns\MakesHttpRequests.php(573): Illuminate\Foundation\Testing\TestCase->call('POST', '/api/auth/regis...', Array, Array, Array, Array, '{"name":"John D...')
#63 C:\Users\khale\OneDrive\╪د┘┘à╪│╪ز┘╪»╪د╪ز\OrangeLarvel_updated\php_project\vendor\laravel\framework\src\Illuminate\Foundation\Testing\Concerns\MakesHttpRequests.php(411): Illuminate\Foundation\Testing\TestCase->json('POST', '/api/auth/regis...', Array, Array, 0)
#64 C:\Users\khale\OneDrive\╪د┘┘à╪│╪ز┘╪»╪د╪ز\OrangeLarvel_updated\php_project\tests\Feature\AuthApiTest.php(26): Illuminate\Foundation\Testing\TestCase->postJson('/api/auth/regis...', Array)
#65 C:\Users\khale\OneDrive\╪د┘┘à╪│╪ز┘╪»╪د╪ز\OrangeLarvel_updated\php_project\vendor\phpunit\phpunit\src\Framework\TestCase.php(1667): Tests\Feature\AuthApiTest->test_can_register_user()
#66 C:\Users\khale\OneDrive\╪د┘┘à╪│╪ز┘╪»╪د╪ز\OrangeLarvel_updated\php_project\vendor\phpunit\phpunit\src\Framework\TestCase.php(519): PHPUnit\Framework\TestCase->runTest()
#67 C:\Users\khale\OneDrive\╪د┘┘à╪│╪ز┘╪»╪د╪ز\OrangeLarvel_updated\php_project\vendor\phpunit\phpunit\src\Framework\TestRunner\TestRunner.php(87): PHPUnit\Framework\TestCase->runBare()
#68 C:\Users\khale\OneDrive\╪د┘┘à╪│╪ز┘╪»╪د╪ز\OrangeLarvel_updated\php_project\vendor\phpunit\phpunit\src\Framework\TestCase.php(365): PHPUnit\Framework\TestRunner->run(Object(Tests\Feature\AuthApiTest))
#69 C:\Users\khale\OneDrive\╪د┘┘à╪│╪ز┘╪»╪د╪ز\OrangeLarvel_updated\php_project\vendor\phpunit\phpunit\src\Framework\TestSuite.php(369): PHPUnit\Framework\TestCase->run()
#70 C:\Users\khale\OneDrive\╪د┘┘à╪│╪ز┘╪»╪د╪ز\OrangeLarvel_updated\php_project\vendor\phpunit\phpunit\src\TextUI\TestRunner.php(64): PHPUnit\Framework\TestSuite->run()
#71 C:\Users\khale\OneDrive\╪د┘┘à╪│╪ز┘╪»╪د╪ز\OrangeLarvel_updated\php_project\vendor\phpunit\phpunit\src\TextUI\Application.php(211): PHPUnit\TextUI\TestRunner->run(Object(PHPUnit\TextUI\Configuration\Configuration), Object(PHPUnit\Runner\ResultCache\DefaultResultCache), Object(PHPUnit\Framework\TestSuite))
#72 C:\Users\khale\OneDrive\╪د┘┘à╪│╪ز┘╪»╪د╪ز\OrangeLarvel_updated\php_project\vendor\phpunit\phpunit\phpunit(104): PHPUnit\TextUI\Application->run(Array)
#73 C:\Users\khale\OneDrive\╪د┘┘à╪│╪ز┘╪»╪د╪ز\OrangeLarvel_updated\php_project\vendor\bin\phpunit(122): include('C:\\Users\\khale\\...')
#74 {main}

Next Illuminate\Database\QueryException: SQLSTATE[23000]: Integrity constraint violation: 19 NOT NULL constraint failed: users.university_id (Connection: sqlite, Database: :memory:, SQL: insert into "users" ("name", "email", "password", "role", "points", "email_verified", "university_id", "current_badge_id", "updated_at", "created_at") values (John Doe, john@example.com, $2y$04$XSzLHu7VyQbjTkTtjtjHau7NfgBErxpyPM3b0cgl0esAqmYjBxeJy, STUDENT, 0, 0, ?, ?, 2026-01-22 10:58:01, 2026-01-22 10:58:01)) in C:\Users\khale\OneDrive\╪د┘┘à╪│╪ز┘╪»╪د╪ز\OrangeLarvel_updated\php_project\vendor\laravel\framework\src\Illuminate\Database\Connection.php:838
Stack trace:
#0 C:\Users\khale\OneDrive\╪د┘┘à╪│╪ز┘╪»╪د╪ز\OrangeLarvel_updated\php_project\vendor\laravel\framework\src\Illuminate\Database\Connection.php(794): Illuminate\Database\Connection->runQueryCallback('insert into "us...', Array, Object(Closure))
#1 C:\Users\khale\OneDrive\╪د┘┘à╪│╪ز┘╪»╪د╪ز\OrangeLarvel_updated\php_project\vendor\laravel\framework\src\Illuminate\Database\Connection.php(573): Illuminate\Database\Connection->run('insert into "us...', Array, Object(Closure))
#2 C:\Users\khale\OneDrive\╪د┘┘à╪│╪ز┘╪»╪د╪ز\OrangeLarvel_updated\php_project\vendor\laravel\framework\src\Illuminate\Database\Connection.php(537): Illuminate\Database\Connection->statement('insert into "us...', Array)
#3 C:\Users\khale\OneDrive\╪د┘┘à╪│╪ز┘╪»╪د╪ز\OrangeLarvel_updated\php_project\vendor\laravel\framework\src\Illuminate\Database\Query\Processors\Processor.php(32): Illuminate\Database\Connection->insert('insert into "us...', Array)
#4 C:\Users\khale\OneDrive\╪د┘┘à╪│╪ز┘╪»╪د╪ز\OrangeLarvel_updated\php_project\vendor\laravel\framework\src\Illuminate\Database\Query\Builder.php(4033): Illuminate\Database\Query\Processors\Processor->processInsertGetId(Object(Illuminate\Database\Query\Builder), 'insert into "us...', Array, 'id')
#5 C:\Users\khale\OneDrive\╪د┘┘à╪│╪ز┘╪»╪د╪ز\OrangeLarvel_updated\php_project\vendor\laravel\framework\src\Illuminate\Database\Eloquent\Builder.php(2235): Illuminate\Database\Query\Builder->insertGetId(Array, 'id')
#6 C:\Users\khale\OneDrive\╪د┘┘à╪│╪ز┘╪»╪د╪ز\OrangeLarvel_updated\php_project\vendor\laravel\framework\src\Illuminate\Database\Eloquent\Model.php(1436): Illuminate\Database\Eloquent\Builder->__call('insertGetId', Array)
#7 C:\Users\khale\OneDrive\╪د┘┘à╪│╪ز┘╪»╪د╪ز\OrangeLarvel_updated\php_project\vendor\laravel\framework\src\Illuminate\Database\Eloquent\Model.php(1401): Illuminate\Database\Eloquent\Model->insertAndSetId(Object(Illuminate\Database\Eloquent\Builder), Array)
#8 C:\Users\khale\OneDrive\╪د┘┘à╪│╪ز┘╪»╪د╪ز\OrangeLarvel_updated\php_project\vendor\laravel\framework\src\Illuminate\Database\Eloquent\Model.php(1240): Illuminate\Database\Eloquent\Model->performInsert(Object(Illuminate\Database\Eloquent\Builder))
#9 C:\Users\khale\OneDrive\╪د┘┘à╪│╪ز┘╪»╪د╪ز\OrangeLarvel_updated\php_project\vendor\laravel\framework\src\Illuminate\Database\Eloquent\Builder.php(1219): Illuminate\Database\Eloquent\Model->save()
#10 C:\Users\khale\OneDrive\╪د┘┘à╪│╪ز┘╪»╪د╪ز\OrangeLarvel_updated\php_project\vendor\laravel\framework\src\Illuminate\Support\helpers.php(390): Illuminate\Database\Eloquent\Builder->{closure:Illuminate\Database\Eloquent\Builder::create():1218}(Object(App\Models\User))
#11 C:\Users\khale\OneDrive\╪د┘┘à╪│╪ز┘╪»╪د╪ز\OrangeLarvel_updated\php_project\vendor\laravel\framework\src\Illuminate\Database\Eloquent\Builder.php(1218): tap(Object(App\Models\User), Object(Closure))
#12 C:\Users\khale\OneDrive\╪د┘┘à╪│╪ز┘╪»╪د╪ز\OrangeLarvel_updated\php_project\vendor\laravel\framework\src\Illuminate\Support\Traits\ForwardsCalls.php(23): Illuminate\Database\Eloquent\Builder->create(Array)
#13 C:\Users\khale\OneDrive\╪د┘┘à╪│╪ز┘╪»╪د╪ز\OrangeLarvel_updated\php_project\vendor\laravel\framework\src\Illuminate\Database\Eloquent\Model.php(2540): Illuminate\Database\Eloquent\Model->forwardCallTo(Object(Illuminate\Database\Eloquent\Builder), 'create', Array)
#14 C:\Users\khale\OneDrive\╪د┘┘à╪│╪ز┘╪»╪د╪ز\OrangeLarvel_updated\php_project\vendor\laravel\framework\src\Illuminate\Database\Eloquent\Model.php(2556): Illuminate\Database\Eloquent\Model->__call('create', Array)
#15 C:\Users\khale\OneDrive\╪د┘┘à╪│╪ز┘╪»╪د╪ز\OrangeLarvel_updated\php_project\app\Services\AuthService.php(49): Illuminate\Database\Eloquent\Model::__callStatic('create', Array)
#16 C:\Users\khale\OneDrive\╪د┘┘à╪│╪ز┘╪»╪د╪ز\OrangeLarvel_updated\php_project\app\Http\Controllers\Auth\AuthController.php(30): App\Services\AuthService->register(Array)
#17 C:\Users\khale\OneDrive\╪د┘┘à╪│╪ز┘╪»╪د╪ز\OrangeLarvel_updated\php_project\vendor\laravel\framework\src\Illuminate\Routing\ControllerDispatcher.php(46): App\Http\Controllers\Auth\AuthController->register(Object(Illuminate\Http\Request))
#18 C:\Users\khale\OneDrive\╪د┘┘à╪│╪ز┘╪»╪د╪ز\OrangeLarvel_updated\php_project\vendor\laravel\framework\src\Illuminate\Routing\Route.php(265): Illuminate\Routing\ControllerDispatcher->dispatch(Object(Illuminate\Routing\Route), Object(App\Http\Controllers\Auth\AuthController), 'register')
#19 C:\Users\khale\OneDrive\╪د┘┘à╪│╪ز┘╪»╪د╪ز\OrangeLarvel_updated\php_project\vendor\laravel\framework\src\Illuminate\Routing\Route.php(211): Illuminate\Routing\Route->runController()
#20 C:\Users\khale\OneDrive\╪د┘┘à╪│╪ز┘╪»╪د╪ز\OrangeLarvel_updated\php_project\vendor\laravel\framework\src\Illuminate\Routing\Router.php(822): Illuminate\Routing\Route->run()
#21 C:\Users\khale\OneDrive\╪د┘┘à╪│╪ز┘╪»╪د╪ز\OrangeLarvel_updated\php_project\vendor\laravel\framework\src\Illuminate\Pipeline\Pipeline.php(180): Illuminate\Routing\Router->{closure:Illuminate\Routing\Router::runRouteWithinStack():821}(Object(Illuminate\Http\Request))
#22 C:\Users\khale\OneDrive\╪د┘┘à╪│╪ز┘╪»╪د╪ز\OrangeLarvel_updated\php_project\vendor\laravel\framework\src\Illuminate\Routing\Middleware\SubstituteBindings.php(50): Illuminate\Pipeline\Pipeline->{closure:Illuminate\Pipeline\Pipeline::prepareDestination():178}(Object(Illuminate\Http\Request))
#23 C:\Users\khale\OneDrive\╪د┘┘à╪│╪ز┘╪»╪د╪ز\OrangeLarvel_updated\php_project\vendor\laravel\framework\src\Illuminate\Pipeline\Pipeline.php(219): Illuminate\Routing\Middleware\SubstituteBindings->handle(Object(Illuminate\Http\Request), Object(Closure))
#24 C:\Users\khale\OneDrive\╪د┘┘à╪│╪ز┘╪»╪د╪ز\OrangeLarvel_updated\php_project\vendor\laravel\framework\src\Illuminate\Session\Middleware\StartSession.php(120): Illuminate\Pipeline\Pipeline->{closure:{closure:Illuminate\Pipeline\Pipeline::carry():194}:195}(Object(Illuminate\Http\Request))
#25 C:\Users\khale\OneDrive\╪د┘┘à╪│╪ز┘╪»╪د╪ز\OrangeLarvel_updated\php_project\vendor\laravel\framework\src\Illuminate\Session\Middleware\StartSession.php(63): Illuminate\Session\Middleware\StartSession->handleStatefulRequest(Object(Illuminate\Http\Request), Object(Illuminate\Session\Store), Object(Closure))
#26 C:\Users\khale\OneDrive\╪د┘┘à╪│╪ز┘╪»╪د╪ز\OrangeLarvel_updated\php_project\vendor\laravel\framework\src\Illuminate\Pipeline\Pipeline.php(219): Illuminate\Session\Middleware\StartSession->handle(Object(Illuminate\Http\Request), Object(Closure))
#27 C:\Users\khale\OneDrive\╪د┘┘à╪│╪ز┘╪»╪د╪ز\OrangeLarvel_updated\php_project\vendor\laravel\framework\src\Illuminate\Cookie\Middleware\AddQueuedCookiesToResponse.php(36): Illuminate\Pipeline\Pipeline->{closure:{closure:Illuminate\Pipeline\Pipeline::carry():194}:195}(Object(Illuminate\Http\Request))
#28 C:\Users\khale\OneDrive\╪د┘┘à╪│╪ز┘╪»╪د╪ز\OrangeLarvel_updated\php_project\vendor\laravel\framework\src\Illuminate\Pipeline\Pipeline.php(219): Illuminate\Cookie\Middleware\AddQueuedCookiesToResponse->handle(Object(Illuminate\Http\Request), Object(Closure))
#29 C:\Users\khale\OneDrive\╪د┘┘à╪│╪ز┘╪»╪د╪ز\OrangeLarvel_updated\php_project\vendor\laravel\framework\src\Illuminate\Cookie\Middleware\EncryptCookies.php(74): Illuminate\Pipeline\Pipeline->{closure:{closure:Illuminate\Pipeline\Pipeline::carry():194}:195}(Object(Illuminate\Http\Request))
#30 C:\Users\khale\OneDrive\╪د┘┘à╪│╪ز┘╪»╪د╪ز\OrangeLarvel_updated\php_project\vendor\laravel\framework\src\Illuminate\Pipeline\Pipeline.php(219): Illuminate\Cookie\Middleware\EncryptCookies->handle(Object(Illuminate\Http\Request), Object(Closure))
#31 C:\Users\khale\OneDrive\╪د┘┘à╪│╪ز┘╪»╪د╪ز\OrangeLarvel_updated\php_project\vendor\laravel\framework\src\Illuminate\Pipeline\Pipeline.php(137): Illuminate\Pipeline\Pipeline->{closure:{closure:Illuminate\Pipeline\Pipeline::carry():194}:195}(Object(Illuminate\Http\Request))
#32 C:\Users\khale\OneDrive\╪د┘┘à╪│╪ز┘╪»╪د╪ز\OrangeLarvel_updated\php_project\vendor\laravel\framework\src\Illuminate\Routing\Router.php(821): Illuminate\Pipeline\Pipeline->then(Object(Closure))
#33 C:\Users\khale\OneDrive\╪د┘┘à╪│╪ز┘╪»╪د╪ز\OrangeLarvel_updated\php_project\vendor\laravel\framework\src\Illuminate\Routing\Router.php(800): Illuminate\Routing\Router->runRouteWithinStack(Object(Illuminate\Routing\Route), Object(Illuminate\Http\Request))
#34 C:\Users\khale\OneDrive\╪د┘┘à╪│╪ز┘╪»╪د╪ز\OrangeLarvel_updated\php_project\vendor\laravel\framework\src\Illuminate\Routing\Router.php(764): Illuminate\Routing\Router->runRoute(Object(Illuminate\Http\Request), Object(Illuminate\Routing\Route))
#35 C:\Users\khale\OneDrive\╪د┘┘à╪│╪ز┘╪»╪د╪ز\OrangeLarvel_updated\php_project\vendor\laravel\framework\src\Illuminate\Routing\Router.php(753): Illuminate\Routing\Router->dispatchToRoute(Object(Illuminate\Http\Request))
#36 C:\Users\khale\OneDrive\╪د┘┘à╪│╪ز┘╪»╪د╪ز\OrangeLarvel_updated\php_project\vendor\laravel\framework\src\Illuminate\Foundation\Http\Kernel.php(200): Illuminate\Routing\Router->dispatch(Object(Illuminate\Http\Request))
#37 C:\Users\khale\OneDrive\╪د┘┘à╪│╪ز┘╪»╪د╪ز\OrangeLarvel_updated\php_project\vendor\laravel\framework\src\Illuminate\Pipeline\Pipeline.php(180): Illuminate\Foundation\Http\Kernel->{closure:Illuminate\Foundation\Http\Kernel::dispatchToRouter():197}(Object(Illuminate\Http\Request))
#38 C:\Users\khale\OneDrive\╪د┘┘à╪│╪ز┘╪»╪د╪ز\OrangeLarvel_updated\php_project\vendor\laravel\framework\src\Illuminate\Foundation\Http\Middleware\TransformsRequest.php(21): Illuminate\Pipeline\Pipeline->{closure:Illuminate\Pipeline\Pipeline::prepareDestination():178}(Object(Illuminate\Http\Request))
#39 C:\Users\khale\OneDrive\╪د┘┘à╪│╪ز┘╪»╪د╪ز\OrangeLarvel_updated\php_project\vendor\laravel\framework\src\Illuminate\Foundation\Http\Middleware\ConvertEmptyStringsToNull.php(31): Illuminate\Foundation\Http\Middleware\TransformsRequest->handle(Object(Illuminate\Http\Request), Object(Closure))
#40 C:\Users\khale\OneDrive\╪د┘┘à╪│╪ز┘╪»╪د╪ز\OrangeLarvel_updated\php_project\vendor\laravel\framework\src\Illuminate\Pipeline\Pipeline.php(219): Illuminate\Foundation\Http\Middleware\ConvertEmptyStringsToNull->handle(Object(Illuminate\Http\Request), Object(Closure))
#41 C:\Users\khale\OneDrive\╪د┘┘à╪│╪ز┘╪»╪د╪ز\OrangeLarvel_updated\php_project\vendor\laravel\framework\src\Illuminate\Foundation\Http\Middleware\TransformsRequest.php(21): Illuminate\Pipeline\Pipeline->{closure:{closure:Illuminate\Pipeline\Pipeline::carry():194}:195}(Object(Illuminate\Http\Request))
#42 C:\Users\khale\OneDrive\╪د┘┘à╪│╪ز┘╪»╪د╪ز\OrangeLarvel_updated\php_project\vendor\laravel\framework\src\Illuminate\Foundation\Http\Middleware\TrimStrings.php(51): Illuminate\Foundation\Http\Middleware\TransformsRequest->handle(Object(Illuminate\Http\Request), Object(Closure))
#43 C:\Users\khale\OneDrive\╪د┘┘à╪│╪ز┘╪»╪د╪ز\OrangeLarvel_updated\php_project\vendor\laravel\framework\src\Illuminate\Pipeline\Pipeline.php(219): Illuminate\Foundation\Http\Middleware\TrimStrings->handle(Object(Illuminate\Http\Request), Object(Closure))
#44 C:\Users\khale\OneDrive\╪د┘┘à╪│╪ز┘╪»╪د╪ز\OrangeLarvel_updated\php_project\vendor\laravel\framework\src\Illuminate\Http\Middleware\ValidatePostSize.php(27): Illuminate\Pipeline\Pipeline->{closure:{closure:Illuminate\Pipeline\Pipeline::carry():194}:195}(Object(Illuminate\Http\Request))
#45 C:\Users\khale\OneDrive\╪د┘┘à╪│╪ز┘╪»╪د╪ز\OrangeLarvel_updated\php_project\vendor\laravel\framework\src\Illuminate\Pipeline\Pipeline.php(219): Illuminate\Http\Middleware\ValidatePostSize->handle(Object(Illuminate\Http\Request), Object(Closure))
#46 C:\Users\khale\OneDrive\╪د┘┘à╪│╪ز┘╪»╪د╪ز\OrangeLarvel_updated\php_project\vendor\laravel\framework\src\Illuminate\Foundation\Http\Middleware\PreventRequestsDuringMaintenance.php(109): Illuminate\Pipeline\Pipeline->{closure:{closure:Illuminate\Pipeline\Pipeline::carry():194}:195}(Object(Illuminate\Http\Request))
#47 C:\Users\khale\OneDrive\╪د┘┘à╪│╪ز┘╪»╪د╪ز\OrangeLarvel_updated\php_project\vendor\laravel\framework\src\Illuminate\Pipeline\Pipeline.php(219): Illuminate\Foundation\Http\Middleware\PreventRequestsDuringMaintenance->handle(Object(Illuminate\Http\Request), Object(Closure))
#48 C:\Users\khale\OneDrive\╪د┘┘à╪│╪ز┘╪»╪د╪ز\OrangeLarvel_updated\php_project\vendor\laravel\framework\src\Illuminate\Http\Middleware\HandleCors.php(61): Illuminate\Pipeline\Pipeline->{closure:{closure:Illuminate\Pipeline\Pipeline::carry():194}:195}(Object(Illuminate\Http\Request))
#49 C:\Users\khale\OneDrive\╪د┘┘à╪│╪ز┘╪»╪د╪ز\OrangeLarvel_updated\php_project\vendor\laravel\framework\src\Illuminate\Pipeline\Pipeline.php(219): Illuminate\Http\Middleware\HandleCors->handle(Object(Illuminate\Http\Request), Object(Closure))
#50 C:\Users\khale\OneDrive\╪د┘┘à╪│╪ز┘╪»╪د╪ز\OrangeLarvel_updated\php_project\vendor\laravel\framework\src\Illuminate\Http\Middleware\TrustProxies.php(58): Illuminate\Pipeline\Pipeline->{closure:{closure:Illuminate\Pipeline\Pipeline::carry():194}:195}(Object(Illuminate\Http\Request))
#51 C:\Users\khale\OneDrive\╪د┘┘à╪│╪ز┘╪»╪د╪ز\OrangeLarvel_updated\php_project\vendor\laravel\framework\src\Illuminate\Pipeline\Pipeline.php(219): Illuminate\Http\Middleware\TrustProxies->handle(Object(Illuminate\Http\Request), Object(Closure))
#52 C:\Users\khale\OneDrive\╪د┘┘à╪│╪ز┘╪»╪د╪ز\OrangeLarvel_updated\php_project\vendor\laravel\framework\src\Illuminate\Foundation\Http\Middleware\InvokeDeferredCallbacks.php(22): Illuminate\Pipeline\Pipeline->{closure:{closure:Illuminate\Pipeline\Pipeline::carry():194}:195}(Object(Illuminate\Http\Request))
#53 C:\Users\khale\OneDrive\╪د┘┘à╪│╪ز┘╪»╪د╪ز\OrangeLarvel_updated\php_project\vendor\laravel\framework\src\Illuminate\Pipeline\Pipeline.php(219): Illuminate\Foundation\Http\Middleware\InvokeDeferredCallbacks->handle(Object(Illuminate\Http\Request), Object(Closure))
#54 C:\Users\khale\OneDrive\╪د┘┘à╪│╪ز┘╪»╪د╪ز\OrangeLarvel_updated\php_project\vendor\laravel\framework\src\Illuminate\Http\Middleware\ValidatePathEncoding.php(26): Illuminate\Pipeline\Pipeline->{closure:{closure:Illuminate\Pipeline\Pipeline::carry():194}:195}(Object(Illuminate\Http\Request))
#55 C:\Users\khale\OneDrive\╪د┘┘à╪│╪ز┘╪»╪د╪ز\OrangeLarvel_updated\php_project\vendor\laravel\framework\src\Illuminate\Pipeline\Pipeline.php(219): Illuminate\Http\Middleware\ValidatePathEncoding->handle(Object(Illuminate\Http\Request), Object(Closure))
#56 C:\Users\khale\OneDrive\╪د┘┘à╪│╪ز┘╪»╪د╪ز\OrangeLarvel_updated\php_project\vendor\laravel\framework\src\Illuminate\Pipeline\Pipeline.php(137): Illuminate\Pipeline\Pipeline->{closure:{closure:Illuminate\Pipeline\Pipeline::carry():194}:195}(Object(Illuminate\Http\Request))
#57 C:\Users\khale\OneDrive\╪د┘┘à╪│╪ز┘╪»╪د╪ز\OrangeLarvel_updated\php_project\vendor\laravel\framework\src\Illuminate\Foundation\Http\Kernel.php(175): Illuminate\Pipeline\Pipeline->then(Object(Closure))
#58 C:\Users\khale\OneDrive\╪د┘┘à╪│╪ز┘╪»╪د╪ز\OrangeLarvel_updated\php_project\vendor\laravel\framework\src\Illuminate\Foundation\Http\Kernel.php(144): Illuminate\Foundation\Http\Kernel->sendRequestThroughRouter(Object(Illuminate\Http\Request))
#59 C:\Users\khale\OneDrive\╪د┘┘à╪│╪ز┘╪»╪د╪ز\OrangeLarvel_updated\php_project\vendor\laravel\framework\src\Illuminate\Foundation\Testing\Concerns\MakesHttpRequests.php(607): Illuminate\Foundation\Http\Kernel->handle(Object(Illuminate\Http\Request))
#60 C:\Users\khale\OneDrive\╪د┘┘à╪│╪ز┘╪»╪د╪ز\OrangeLarvel_updated\php_project\vendor\laravel\framework\src\Illuminate\Foundation\Testing\Concerns\MakesHttpRequests.php(573): Illuminate\Foundation\Testing\TestCase->call('POST', '/api/auth/regis...', Array, Array, Array, Array, '{"name":"John D...')
#61 C:\Users\khale\OneDrive\╪د┘┘à╪│╪ز┘╪»╪د╪ز\OrangeLarvel_updated\php_project\vendor\laravel\framework\src\Illuminate\Foundation\Testing\Concerns\MakesHttpRequests.php(411): Illuminate\Foundation\Testing\TestCase->json('POST', '/api/auth/regis...', Array, Array, 0)
#62 C:\Users\khale\OneDrive\╪د┘┘à╪│╪ز┘╪»╪د╪ز\OrangeLarvel_updated\php_project\tests\Feature\AuthApiTest.php(26): Illuminate\Foundation\Testing\TestCase->postJson('/api/auth/regis...', Array)
#63 C:\Users\khale\OneDrive\╪د┘┘à╪│╪ز┘╪»╪د╪ز\OrangeLarvel_updated\php_project\vendor\phpunit\phpunit\src\Framework\TestCase.php(1667): Tests\Feature\AuthApiTest->test_can_register_user()
#64 C:\Users\khale\OneDrive\╪د┘┘à╪│╪ز┘╪»╪د╪ز\OrangeLarvel_updated\php_project\vendor\phpunit\phpunit\src\Framework\TestCase.php(519): PHPUnit\Framework\TestCase->runTest()
#65 C:\Users\khale\OneDrive\╪د┘┘à╪│╪ز┘╪»╪د╪ز\OrangeLarvel_updated\php_project\vendor\phpunit\phpunit\src\Framework\TestRunner\TestRunner.php(87): PHPUnit\Framework\TestCase->runBare()
#66 C:\Users\khale\OneDrive\╪د┘┘à╪│╪ز┘╪»╪د╪ز\OrangeLarvel_updated\php_project\vendor\phpunit\phpunit\src\Framework\TestCase.php(365): PHPUnit\Framework\TestRunner->run(Object(Tests\Feature\AuthApiTest))
#67 C:\Users\khale\OneDrive\╪د┘┘à╪│╪ز┘╪»╪د╪ز\OrangeLarvel_updated\php_project\vendor\phpunit\phpunit\src\Framework\TestSuite.php(369): PHPUnit\Framework\TestCase->run()
#68 C:\Users\khale\OneDrive\╪د┘┘à╪│╪ز┘╪»╪د╪ز\OrangeLarvel_updated\php_project\vendor\phpunit\phpunit\src\TextUI\TestRunner.php(64): PHPUnit\Framework\TestSuite->run()
#69 C:\Users\khale\OneDrive\╪د┘┘à╪│╪ز┘╪»╪د╪ز\OrangeLarvel_updated\php_project\vendor\phpunit\phpunit\src\TextUI\Application.php(211): PHPUnit\TextUI\TestRunner->run(Object(PHPUnit\TextUI\Configuration\Configuration), Object(PHPUnit\Runner\ResultCache\DefaultResultCache), Object(PHPUnit\Framework\TestSuite))
#70 C:\Users\khale\OneDrive\╪د┘┘à╪│╪ز┘╪»╪د╪ز\OrangeLarvel_updated\php_project\vendor\phpunit\phpunit\phpunit(104): PHPUnit\TextUI\Application->run(Array)
#71 C:\Users\khale\OneDrive\╪د┘┘à╪│╪ز┘╪»╪د╪ز\OrangeLarvel_updated\php_project\vendor\bin\phpunit(122): include('C:\\Users\\khale\\...')
#72 {main}

----------------------------------------------------------------------------------

SQLSTATE[23000]: Integrity constraint violation: 19 NOT NULL constraint failed: users.university_id (Connection: sqlite, Database: :memory:, SQL: insert into "users" ("name", "email", "password", "role", "points", "email_verified", "university_id", "current_badge_id", "updated_at", "created_at") values (John Doe, john@example.com, $2y$04$XSzLHu7VyQbjTkTtjtjHau7NfgBErxpyPM3b0cgl0esAqmYjBxeJy, STUDENT, 0, 0, ?, ?, 2026-01-22 10:58:01, 2026-01-22 10:58:01))

C:\Users\khale\OneDrive\╪د┘┘à╪│╪ز┘╪»╪د╪ز\OrangeLarvel_updated\php_project\vendor\laravel\framework\src\Illuminate\Testing\TestResponseAssert.php:45
C:\Users\khale\OneDrive\╪د┘┘à╪│╪ز┘╪»╪د╪ز\OrangeLarvel_updated\php_project\vendor\laravel\framework\src\Illuminate\Testing\TestResponse.php:174
C:\Users\khale\OneDrive\╪د┘┘à╪│╪ز┘╪»╪د╪ز\OrangeLarvel_updated\php_project\tests\Feature\AuthApiTest.php:28

ERRORS!
Tests: 6, Assertions: 1, Errors: 5, Failures: 1.
